// Jest Snapshot v1, https://goo.gl/fbAQLP

exports[`costForFaresInBudget with a current balance below the maximum spend returns costs from the current balance 1`] = `
Array [
  Object {
    "cost": 2.5,
    "rides": 10,
  },
  Object {
    "cost": 5.25,
    "rides": 11,
  },
  Object {
    "cost": 8,
    "rides": 12,
  },
  Object {
    "cost": 10.75,
    "rides": 13,
  },
  Object {
    "cost": 13.5,
    "rides": 14,
  },
]
`;

exports[`costForFaresInBudget with a zero current balance returns costs from one ride to maximum spend 1`] = `
Array [
  Object {
    "cost": 2.75,
    "rides": 1,
  },
  Object {
    "cost": 5.5,
    "rides": 2,
  },
  Object {
    "cost": 8.25,
    "rides": 3,
  },
  Object {
    "cost": 11,
    "rides": 4,
  },
  Object {
    "cost": 13.75,
    "rides": 5,
  },
  Object {
    "cost": 16.5,
    "rides": 6,
  },
  Object {
    "cost": 19.25,
    "rides": 7,
  },
  Object {
    "cost": 22,
    "rides": 8,
  },
  Object {
    "cost": 24.75,
    "rides": 9,
  },
  Object {
    "cost": 27.5,
    "rides": 10,
  },
  Object {
    "cost": 30.25,
    "rides": 11,
  },
  Object {
    "cost": 33,
    "rides": 12,
  },
  Object {
    "cost": 35.75,
    "rides": 13,
  },
  Object {
    "cost": 38.5,
    "rides": 14,
  },
]
`;
