// Jest Snapshot v1, https://goo.gl/fbAQLP

exports[`when it renders renders the App with a zero balance and its fares 1`] = `
<main
  className="sans-serif mw5 center"
>
  <RemainingBalance
    onChange={[Function]}
    value="0.00"
  />
  <MaximumSpend
    onChange={[Function]}
    value="40.00"
  />
  <Instructions />
  <Footer />
</main>
`;

exports[`when the maximum spend changes renders Additions 1`] = `
<Additions
  fares={Array []}
/>
`;

exports[`when the remaining balance changes renders Additions 1`] = `
<Additions
  fares={
    Array [
      Object {
        "cost": 1.75,
        "rides": 1,
      },
      Object {
        "cost": 4.5,
        "rides": 2,
      },
      Object {
        "cost": 7.25,
        "rides": 3,
      },
      Object {
        "cost": 10,
        "rides": 4,
      },
      Object {
        "cost": 12.75,
        "rides": 5,
      },
      Object {
        "cost": 15.5,
        "rides": 6,
      },
      Object {
        "cost": 18.25,
        "rides": 7,
      },
      Object {
        "cost": 21,
        "rides": 8,
      },
      Object {
        "cost": 23.75,
        "rides": 9,
      },
      Object {
        "cost": 26.5,
        "rides": 10,
      },
      Object {
        "cost": 29.25,
        "rides": 11,
      },
      Object {
        "cost": 32,
        "rides": 12,
      },
      Object {
        "cost": 34.75,
        "rides": 13,
      },
      Object {
        "cost": 37.5,
        "rides": 14,
      },
    ]
  }
/>
`;

exports[`when there are a remaining balance and maximum spend values renders Additions with the correct fares 1`] = `
<Additions
  fares={
    Array [
      Object {
        "cost": 1.75,
        "rides": 1,
      },
      Object {
        "cost": 4.5,
        "rides": 2,
      },
      Object {
        "cost": 7.25,
        "rides": 3,
      },
      Object {
        "cost": 10,
        "rides": 4,
      },
      Object {
        "cost": 12.75,
        "rides": 5,
      },
      Object {
        "cost": 15.5,
        "rides": 6,
      },
      Object {
        "cost": 18.25,
        "rides": 7,
      },
      Object {
        "cost": 21,
        "rides": 8,
      },
      Object {
        "cost": 23.75,
        "rides": 9,
      },
      Object {
        "cost": 26.5,
        "rides": 10,
      },
      Object {
        "cost": 29.25,
        "rides": 11,
      },
      Object {
        "cost": 32,
        "rides": 12,
      },
      Object {
        "cost": 34.75,
        "rides": 13,
      },
      Object {
        "cost": 37.5,
        "rides": 14,
      },
    ]
  }
/>
`;
